<ewasm>
  <eei>
    <eeiK>
      .
    </eeiK>
    <statusCode>
      .StatusCode
    </statusCode>
    <returnData>
      nilBytes
    </returnData>
    <callState>
      <callDepth>
        0
      </callDepth>
      <acct>
        0
      </acct>
      <program>
        .Code
      </program>
      <caller>
        0
      </caller>
      <callData>
        nilBytes
      </callData>
      <callValue>
        0
      </callValue>
      <gas>
        0
      </gas>
    </callState>
    <callStack>
      .List
    </callStack>
    <substate>
      <selfDestruct>
        .Set
      </selfDestruct>
      <log>
        .List
      </log>
      <refund>
        0
      </refund>
    </substate>
    <accounts>
      .Map
    </accounts>
    <accountsStack>
      .List
    </accountsStack>
    <tx>
      <gasPrice>
        0
      </gasPrice>
      <origin>
        0
      </origin>
    </tx>
    <block>
      <hashes>
        .List
      </hashes>
      <coinbase>
        0
      </coinbase>
      <difficulty>
        0
      </difficulty>
      <number>
        0
      </number>
      <gasLimit>
        0
      </gasLimit>
      <timestamp>
        0
      </timestamp>
    </block>
  </eei>
  <wasm>
    <k>
      .
    </k>
    <valstack>
      .ValStack
    </valstack>
    <curFrame>
      <locals>
        .Map
      </locals>
      <localIds>
        .Map
      </localIds>
      <curModIdx>
        .Int
      </curModIdx>
    </curFrame>
    <moduleRegistry>
      .Map
    </moduleRegistry>
    <moduleIds>
      .Map
    </moduleIds>
    <moduleInstances>
      .Map
    </moduleInstances>
    <nextModuleIdx>
      0
    </nextModuleIdx>
    <mainStore>
      <funcs>
        .Map
      </funcs>
      <nextFuncAddr>
        0
      </nextFuncAddr>
      <tabs>
        .Map
      </tabs>
      <nextTabAddr>
        0
      </nextTabAddr>
      <mems>
        .Map
      </mems>
      <nextMemAddr>
        0
      </nextMemAddr>
      <globals>
        .Map
      </globals>
      <nextGlobAddr>
        0
      </nextGlobAddr>
    </mainStore>
    <deterministicMemoryGrowth>
      true
    </deterministicMemoryGrowth>
    <nextFreshId>
      0
    </nextFreshId>
  </wasm>
  <paramstack>
    .ParamStack
  </paramstack>
</ewasm>
